             VMA              LMA     Size Align Out     In      Symbol
               0                0 80000000     1 . = 0x80000000
        80000000         80000000     6280     8 .text
        80000000         80000000       d0     8         /home/holight/DADAO-0628/.work/build/musl/lib/crt1.o:(.text)
        80000000         80000000       b4     1                 _start
        800000b8         800000b8        0     1                 _start_prog_str
        800000c0         800000c0        0     1                 _start_rand_buf
        800000d0         800000d0       40     1         /home/holight/DADAO-0628/.work/build/musl/lib/crt1.o:(.text._start_c)
        800000d0         800000d0       40     1                 _start_c
        80000110         80000110      170     4         /home/holight/DADAO-0628/.work/ML-014y-mallocng-single-large-free-probe/malloc_single_large_free.o:(.text)
        80000110         80000110      170     1                 main
        80000280         80000280        0     4         /home/holight/DADAO-0628/.work/build/musl/lib/libc.a(__libc_start_main.o):(.text)
        80000280         80000280        4     1         /home/holight/DADAO-0628/.work/build/musl/lib/libc.a(__libc_start_main.o):(.text.dummy)
        80000280         80000280        4     1                 dummy
        80000280         80000280        4     1                 _init
        80000284         80000284        4     1         /home/holight/DADAO-0628/.work/build/musl/lib/libc.a(__libc_start_main.o):(.text.dummy1)
        80000284         80000284        4     1                 dummy1
        80000284         80000284        4     1                 __init_ssp
        80000288         80000288      3e0     1         /home/holight/DADAO-0628/.work/build/musl/lib/libc.a(__libc_start_main.o):(.text.__init_libc)
        80000288         80000288      3e0     1                 __init_libc
        80000668         80000668       78     1         /home/holight/DADAO-0628/.work/build/musl/lib/libc.a(__libc_start_main.o):(.text.libc_start_init)
        80000668         80000668       78     1                 libc_start_init
        80000668         80000668       78     1                 __libc_start_init
        800006e0         800006e0       74     1         /home/holight/DADAO-0628/.work/build/musl/lib/libc.a(__libc_start_main.o):(.text.__libc_start_main)
        800006e0         800006e0       74     1                 __libc_start_main
        80000754         80000754       5c     1         /home/holight/DADAO-0628/.work/build/musl/lib/libc.a(__libc_start_main.o):(.text.libc_start_main_stage2)
        80000754         80000754       5c     1                 libc_start_main_stage2
        800007b0         800007b0        0     4         /home/holight/DADAO-0628/.work/build/musl/lib/libc.a(__environ.o):(.text)
        800007b0         800007b0        0     4         /home/holight/DADAO-0628/.work/build/musl/lib/libc.a(__init_tls.o):(.text)
        800007b0         800007b0       c0     1         /home/holight/DADAO-0628/.work/build/musl/lib/libc.a(__init_tls.o):(.text.__init_tp)
        800007b0         800007b0       c0     1                 __init_tp
        80000870         80000870      11c     1         /home/holight/DADAO-0628/.work/build/musl/lib/libc.a(__init_tls.o):(.text.__copy_tls)
        80000870         80000870      11c     1                 __copy_tls
        8000098c         8000098c      3e0     1         /home/holight/DADAO-0628/.work/build/musl/lib/libc.a(__init_tls.o):(.text.static_init_tls)
        8000098c         8000098c      3e0     1                 static_init_tls
        8000098c         8000098c      3e0     1                 __init_tls
        80000d6c         80000d6c        8     4         /home/holight/DADAO-0628/.work/build/musl/lib/libc.a(__set_thread_area.o):(.text)
        80000d6c         80000d6c        0     1                 __set_thread_area
        80000d74         80000d74        0     4         /home/holight/DADAO-0628/.work/build/musl/lib/libc.a(default_attr.o):(.text)
        80000d74         80000d74        0     4         /home/holight/DADAO-0628/.work/build/musl/lib/libc.a(exit.o):(.text)
        80000d74         80000d74        4     1         /home/holight/DADAO-0628/.work/build/musl/lib/libc.a(exit.o):(.text.dummy)
        80000d74         80000d74        4     1                 dummy
        80000d74         80000d74        4     1                 _fini
        80000d74         80000d74        4     1                 __funcs_on_exit
        80000d74         80000d74        4     1                 __stdio_exit
        80000d78         80000d78       78     1         /home/holight/DADAO-0628/.work/build/musl/lib/libc.a(exit.o):(.text.libc_exit_fini)
        80000d78         80000d78       78     1                 libc_exit_fini
        80000d78         80000d78       78     1                 __libc_exit_fini
        80000df0         80000df0       20     1         /home/holight/DADAO-0628/.work/build/musl/lib/libc.a(exit.o):(.text.exit)
        80000df0         80000df0       20     1                 exit
        80000e10         80000e10        0     4         /home/holight/DADAO-0628/.work/build/musl/lib/libc.a(_Exit.o):(.text)
        80000e10         80000e10       18     1         /home/holight/DADAO-0628/.work/build/musl/lib/libc.a(_Exit.o):(.text._Exit)
        80000e10         80000e10       18     1                 _Exit
        80000e28         80000e28        0     4         /home/holight/DADAO-0628/.work/build/musl/lib/libc.a(memcpy.o):(.text)
        80000e28         80000e28      5cc     1         /home/holight/DADAO-0628/.work/build/musl/lib/libc.a(memcpy.o):(.text.memcpy)
        80000e28         80000e28      5cc     1                 memcpy
        800013f4         800013f4        0     4         /home/holight/DADAO-0628/.work/build/musl/lib/libc.a(libc.o):(.text)
        800013f4         800013f4        0     4         /home/holight/DADAO-0628/.work/build/musl/lib/libc.a(defsysinfo.o):(.text)
        800013f4         800013f4        0     4         /home/holight/DADAO-0628/.work/build/musl/lib/libc.a(lite_malloc.o):(.text)
        800013f4         800013f4        8     1         /home/holight/DADAO-0628/.work/build/musl/lib/libc.a(lite_malloc.o):(.text.__libc_malloc)
        800013f4         800013f4        8     1                 __libc_malloc
        800013fc         800013fc        8     1         /home/holight/DADAO-0628/.work/build/musl/lib/libc.a(lite_malloc.o):(.text.default_malloc)
        800013fc         800013fc        8     1                 default_malloc
        80001404         80001404        0     4         /home/holight/DADAO-0628/.work/build/musl/lib/libc.a(free.o):(.text)
        80001404         80001404        8     1         /home/holight/DADAO-0628/.work/build/musl/lib/libc.a(free.o):(.text.free)
        80001404         80001404        8     1                 free
        8000140c         8000140c        0     4         /home/holight/DADAO-0628/.work/build/musl/lib/libc.a(free.o):(.text)
        8000140c         8000140c      3d4     1         /home/holight/DADAO-0628/.work/build/musl/lib/libc.a(free.o):(.text.__libc_free)
        8000140c         8000140c      3d4     1                 __libc_free
        800017e0         800017e0      404     1         /home/holight/DADAO-0628/.work/build/musl/lib/libc.a(free.o):(.text.get_meta)
        800017e0         800017e0      404     1                 get_meta
        80001be4         80001be4       28     1         /home/holight/DADAO-0628/.work/build/musl/lib/libc.a(free.o):(.text.get_slot_index)
        80001be4         80001be4       28     1                 get_slot_index
        80001c0c         80001c0c       c4     1         /home/holight/DADAO-0628/.work/build/musl/lib/libc.a(free.o):(.text.get_stride)
        80001c0c         80001c0c       c4     1                 get_stride
        80001cd0         80001cd0      150     1         /home/holight/DADAO-0628/.work/build/musl/lib/libc.a(free.o):(.text.get_nominal_size)
        80001cd0         80001cd0      150     1                 get_nominal_size
        80001e20         80001e20       68     1         /home/holight/DADAO-0628/.work/build/musl/lib/libc.a(free.o):(.text.a_cas)
        80001e20         80001e20       68     1                 a_cas
        80001e88         80001e88      2fc     1         /home/holight/DADAO-0628/.work/build/musl/lib/libc.a(free.o):(.text.nontrivial_free)
        80001e88         80001e88      2fc     1                 nontrivial_free
        80002184         80002184       10     1         /home/holight/DADAO-0628/.work/build/musl/lib/libc.a(free.o):(.text.a_crash)
        80002184         80002184       10     1                 a_crash
        80002194         80002194       28     1         /home/holight/DADAO-0628/.work/build/musl/lib/libc.a(free.o):(.text.wrlock)
        80002194         80002194       28     1                 wrlock
        800021bc         800021bc      20c     1         /home/holight/DADAO-0628/.work/build/musl/lib/libc.a(free.o):(.text.okay_to_free)
        800021bc         800021bc      20c     1                 okay_to_free
        800023c8         800023c8       d0     1         /home/holight/DADAO-0628/.work/build/musl/lib/libc.a(free.o):(.text.dequeue)
        800023c8         800023c8       d0     1                 dequeue
        80002498         80002498       f8     1         /home/holight/DADAO-0628/.work/build/musl/lib/libc.a(free.o):(.text.activate_group)
        80002498         80002498       f8     1                 activate_group
        80002590         80002590      1a0     1         /home/holight/DADAO-0628/.work/build/musl/lib/libc.a(free.o):(.text.free_group)
        80002590         80002590      1a0     1                 free_group
        80002730         80002730      108     1         /home/holight/DADAO-0628/.work/build/musl/lib/libc.a(free.o):(.text.queue)
        80002730         80002730      108     1                 queue
        80002838         80002838       3c     1         /home/holight/DADAO-0628/.work/build/musl/lib/libc.a(free.o):(.text.a_or)
        80002838         80002838       3c     1                 a_or
        80002874         80002874       9c     1         /home/holight/DADAO-0628/.work/build/musl/lib/libc.a(free.o):(.text.is_bouncing)
        80002874         80002874       9c     1                 is_bouncing
        80002910         80002910       bc     1         /home/holight/DADAO-0628/.work/build/musl/lib/libc.a(free.o):(.text.step_seq)
        80002910         80002910       bc     1                 step_seq
        800029cc         800029cc       78     1         /home/holight/DADAO-0628/.work/build/musl/lib/libc.a(free.o):(.text.record_seq)
        800029cc         800029cc       78     1                 record_seq
        80002a44         80002a44       80     1         /home/holight/DADAO-0628/.work/build/musl/lib/libc.a(free.o):(.text.free_meta)
        80002a44         80002a44       80     1                 free_meta
        80002ac4         80002ac4       10     1         /home/holight/DADAO-0628/.work/build/musl/lib/libc.a(free.o):(.text.unlock)
        80002ac4         80002ac4       10     1                 unlock
        80002ad4         80002ad4        0     4         /home/holight/DADAO-0628/.work/build/musl/lib/libc.a(__errno_location.o):(.text)
        80002ad4         80002ad4       14     1         /home/holight/DADAO-0628/.work/build/musl/lib/libc.a(__errno_location.o):(.text.__errno_location)
        80002ad4         80002ad4       14     1                 __errno_location
        80002ad4         80002ad4       14     1                 ___errno_location
        80002ae8         80002ae8        8     4         /home/holight/DADAO-0628/.work/build/musl/lib/libc.a(get_tp.o):(.text)
        80002ae8         80002ae8        0     1                 __get_tp
        80002af0         80002af0        0     4         /home/holight/DADAO-0628/.work/build/musl/lib/libc.a(madvise.o):(.text)
        80002af0         80002af0       20     1         /home/holight/DADAO-0628/.work/build/musl/lib/libc.a(madvise.o):(.text.__madvise)
        80002af0         80002af0       20     1                 __madvise
        80002af0         80002af0       20     1                 madvise
        80002b10         80002b10        0     4         /home/holight/DADAO-0628/.work/build/musl/lib/libc.a(syscall_ret.o):(.text)
        80002b10         80002b10       50     1         /home/holight/DADAO-0628/.work/build/musl/lib/libc.a(syscall_ret.o):(.text.__syscall_ret)
        80002b10         80002b10       50     1                 __syscall_ret
        80002b60         80002b60        0     4         /home/holight/DADAO-0628/.work/build/musl/lib/libc.a(munmap.o):(.text)
        80002b60         80002b60        4     1         /home/holight/DADAO-0628/.work/build/musl/lib/libc.a(munmap.o):(.text.dummy)
        80002b60         80002b60        4     1                 dummy
        80002b60         80002b60        4     1                 __vm_wait
        80002b64         80002b64       3c     1         /home/holight/DADAO-0628/.work/build/musl/lib/libc.a(munmap.o):(.text.__munmap)
        80002b64         80002b64       3c     1                 __munmap
        80002b64         80002b64       3c     1                 munmap
        80002ba0         80002ba0        0     4         /home/holight/DADAO-0628/.work/build/musl/lib/libc.a(__lock.o):(.text)
        80002ba0         80002ba0      35c     1         /home/holight/DADAO-0628/.work/build/musl/lib/libc.a(__lock.o):(.text.__lock)
        80002ba0         80002ba0      35c     1                 __lock
        80002efc         80002efc       70     1         /home/holight/DADAO-0628/.work/build/musl/lib/libc.a(__lock.o):(.text.__unlock)
        80002efc         80002efc       70     1                 __unlock
        80002f6c         80002f6c        0     4         /home/holight/DADAO-0628/.work/build/musl/lib/libc.a(malloc.o):(.text)
        80002f6c         80002f6c       1c     1         /home/holight/DADAO-0628/.work/build/musl/lib/libc.a(malloc.o):(.text.__malloc_atfork)
        80002f6c         80002f6c       1c     1                 __malloc_atfork
        80002f88         80002f88       5c     1         /home/holight/DADAO-0628/.work/build/musl/lib/libc.a(malloc.o):(.text.malloc_atfork)
        80002f88         80002f88       5c     1                 malloc_atfork
        80002fe4         80002fe4      4f0     1         /home/holight/DADAO-0628/.work/build/musl/lib/libc.a(malloc.o):(.text.__malloc_alloc_meta)
        80002fe4         80002fe4      4f0     1                 __malloc_alloc_meta
        800034d4         800034d4       50     1         /home/holight/DADAO-0628/.work/build/musl/lib/libc.a(malloc.o):(.text.dequeue_head)
        800034d4         800034d4       50     1                 dequeue_head
        80003524         80003524       38     1         /home/holight/DADAO-0628/.work/build/musl/lib/libc.a(malloc.o):(.text.__syscall1)
        80003524         80003524       38     1                 __syscall1
        8000355c         8000355c      568     1         /home/holight/DADAO-0628/.work/build/musl/lib/libc.a(malloc.o):(.text.__libc_malloc_impl)
        8000355c         8000355c      568     1                 __libc_malloc_impl
        80003ac4         80003ac4       6c     1         /home/holight/DADAO-0628/.work/build/musl/lib/libc.a(malloc.o):(.text.size_overflows)
        80003ac4         80003ac4       6c     1                 size_overflows
        80003b30         80003b30       bc     1         /home/holight/DADAO-0628/.work/build/musl/lib/libc.a(malloc.o):(.text.step_seq)
        80003b30         80003b30       bc     1                 step_seq
        80003bec         80003bec      140     1         /home/holight/DADAO-0628/.work/build/musl/lib/libc.a(malloc.o):(.text.size_to_class)
        80003bec         80003bec      140     1                 size_to_class
        80003d2c         80003d2c       58     1         /home/holight/DADAO-0628/.work/build/musl/lib/libc.a(malloc.o):(.text.a_ctz_32)
        80003d2c         80003d2c       58     1                 a_ctz_32
        80003d84         80003d84      104     1         /home/holight/DADAO-0628/.work/build/musl/lib/libc.a(malloc.o):(.text.alloc_slot)
        80003d84         80003d84      104     1                 alloc_slot
        80003e88         80003e88      2c8     1         /home/holight/DADAO-0628/.work/build/musl/lib/libc.a(malloc.o):(.text.enframe)
        80003e88         80003e88      2c8     1                 enframe
        80004150         80004150       c4     1         /home/holight/DADAO-0628/.work/build/musl/lib/libc.a(malloc.o):(.text.__malloc_allzerop)
        80004150         80004150       c4     1                 __malloc_allzerop
        80004214         80004214      404     1         /home/holight/DADAO-0628/.work/build/musl/lib/libc.a(malloc.o):(.text.get_meta)
        80004214         80004214      404     1                 get_meta
        80004618         80004618       c4     1         /home/holight/DADAO-0628/.work/build/musl/lib/libc.a(malloc.o):(.text.get_stride)
        80004618         80004618       c4     1                 get_stride
        800046dc         800046dc       20     1         /home/holight/DADAO-0628/.work/build/musl/lib/libc.a(malloc.o):(.text.malloc)
        800046dc         800046dc       20     1                 malloc
        800046fc         800046fc       14     1         /home/holight/DADAO-0628/.work/build/musl/lib/libc.a(malloc.o):(.text.resetlock)
        800046fc         800046fc       14     1                 resetlock
        80004710         80004710       e4     1         /home/holight/DADAO-0628/.work/build/musl/lib/libc.a(malloc.o):(.text.get_random_secret)
        80004710         80004710       e4     1                 get_random_secret
        800047f4         800047f4       d0     1         /home/holight/DADAO-0628/.work/build/musl/lib/libc.a(malloc.o):(.text.dequeue)
        800047f4         800047f4       d0     1                 dequeue
        800048c4         800048c4       28     1         /home/holight/DADAO-0628/.work/build/musl/lib/libc.a(malloc.o):(.text.wrlock)
        800048c4         800048c4       28     1                 wrlock
        800048ec         800048ec       10     1         /home/holight/DADAO-0628/.work/build/musl/lib/libc.a(malloc.o):(.text.unlock)
        800048ec         800048ec       10     1                 unlock
        800048fc         800048fc       a0     1         /home/holight/DADAO-0628/.work/build/musl/lib/libc.a(malloc.o):(.text.a_clz_32)
        800048fc         800048fc       a0     1                 a_clz_32
        8000499c         8000499c       28     1         /home/holight/DADAO-0628/.work/build/musl/lib/libc.a(malloc.o):(.text.rdlock)
        8000499c         8000499c       28     1                 rdlock
        800049c4         800049c4        4     1         /home/holight/DADAO-0628/.work/build/musl/lib/libc.a(malloc.o):(.text.upgradelock)
        800049c4         800049c4        4     1                 upgradelock
        800049c8         800049c8      460     1         /home/holight/DADAO-0628/.work/build/musl/lib/libc.a(malloc.o):(.text.try_avail)
        800049c8         800049c8      460     1                 try_avail
        80004e28         80004e28      b14     1         /home/holight/DADAO-0628/.work/build/musl/lib/libc.a(malloc.o):(.text.alloc_group)
        80004e28         80004e28      b14     1                 alloc_group
        8000593c         8000593c      108     1         /home/holight/DADAO-0628/.work/build/musl/lib/libc.a(malloc.o):(.text.queue)
        8000593c         8000593c      108     1                 queue
        80005a44         80005a44       f8     1         /home/holight/DADAO-0628/.work/build/musl/lib/libc.a(malloc.o):(.text.activate_group)
        80005a44         80005a44       f8     1                 activate_group
        80005b3c         80005b3c       b0     1         /home/holight/DADAO-0628/.work/build/musl/lib/libc.a(malloc.o):(.text.decay_bounces)
        80005b3c         80005b3c       b0     1                 decay_bounces
        80005bec         80005bec       68     1         /home/holight/DADAO-0628/.work/build/musl/lib/libc.a(malloc.o):(.text.a_cas)
        80005bec         80005bec       68     1                 a_cas
        80005c54         80005c54       10     1         /home/holight/DADAO-0628/.work/build/musl/lib/libc.a(malloc.o):(.text.a_crash)
        80005c54         80005c54       10     1                 a_crash
        80005c64         80005c64       9c     1         /home/holight/DADAO-0628/.work/build/musl/lib/libc.a(malloc.o):(.text.is_bouncing)
        80005c64         80005c64       9c     1                 is_bouncing
        80005d00         80005d00      168     1         /home/holight/DADAO-0628/.work/build/musl/lib/libc.a(malloc.o):(.text.account_bounce)
        80005d00         80005d00      168     1                 account_bounce
        80005e68         80005e68       80     1         /home/holight/DADAO-0628/.work/build/musl/lib/libc.a(malloc.o):(.text.free_meta)
        80005e68         80005e68       80     1                 free_meta
        80005ee8         80005ee8       e8     1         /home/holight/DADAO-0628/.work/build/musl/lib/libc.a(malloc.o):(.text.set_size)
        80005ee8         80005ee8       e8     1                 set_size
        80005fd0         80005fd0       28     1         /home/holight/DADAO-0628/.work/build/musl/lib/libc.a(malloc.o):(.text.get_slot_index)
        80005fd0         80005fd0       28     1                 get_slot_index
        80005ff8         80005ff8        0     4         /home/holight/DADAO-0628/.work/build/musl/lib/libc.a(mmap.o):(.text)
        80005ff8         80005ff8        4     1         /home/holight/DADAO-0628/.work/build/musl/lib/libc.a(mmap.o):(.text.dummy)
        80005ff8         80005ff8        4     1                 dummy
        80005ffc         80005ffc      1ac     1         /home/holight/DADAO-0628/.work/build/musl/lib/libc.a(mmap.o):(.text.__mmap)
        80005ffc         80005ffc      1ac     1                 __mmap
        80005ffc         80005ffc      1ac     1                 mmap
        800061a8         800061a8       88     1         /home/holight/DADAO-0628/.work/build/musl/lib/libc.a(mmap.o):(.text.__syscall6)
        800061a8         800061a8       88     1                 __syscall6
        80006230         80006230        0     4         /home/holight/DADAO-0628/.work/build/musl/lib/libc.a(mprotect.o):(.text)
        80006230         80006230       50     1         /home/holight/DADAO-0628/.work/build/musl/lib/libc.a(mprotect.o):(.text.__mprotect)
        80006230         80006230       50     1                 __mprotect
        80006230         80006230       50     1                 mprotect
        80006280         80006280      d80     1 . = ALIGN(4096)
        80007000         80007000       cf     8 .rodata
        80007000         80007000        b     1         <internal>:(.rodata.str1.1)
        8000700c         8000700c       18     4         /home/holight/DADAO-0628/.work/build/musl/lib/libc.a(__libc_start_main.o):(.rodata..L__const.__init_libc.pfd)
        80007028         80007028        8     8         /home/holight/DADAO-0628/.work/build/musl/lib/libc.a(lite_malloc.o):(.rodata.__bump_lockptr)
        80007028         80007028        8     1                 __bump_lockptr
        80007030         80007030       60     2         /home/holight/DADAO-0628/.work/build/musl/lib/libc.a(malloc.o):(.rodata.__malloc_size_classes)
        80007030         80007030       60     1                 __malloc_size_classes
        80007090         80007090       20     1         /home/holight/DADAO-0628/.work/build/musl/lib/libc.a(malloc.o):(.rodata.a_ctz_32.debruijn32)
        80007090         80007090       20     1                 a_ctz_32.debruijn32
        800070b0         800070b0       1b     1         /home/holight/DADAO-0628/.work/build/musl/lib/libc.a(malloc.o):(.rodata.small_cnt_tab)
        800070b0         800070b0       1b     1                 small_cnt_tab
        800070cb         800070cb        4     1         /home/holight/DADAO-0628/.work/build/musl/lib/libc.a(malloc.o):(.rodata.med_cnt_tab)
        800070cb         800070cb        4     1                 med_cnt_tab
        800070cf         800070cf      f31     1 . = ALIGN(4096)
        80008000         80008000        8     4 .data
        80008000         80008000        4     4         /home/holight/DADAO-0628/.work/build/musl/lib/libc.a(default_attr.o):(.data.__default_stacksize)
        80008000         80008000        4     1                 __default_stacksize
        80008004         80008004        4     4         /home/holight/DADAO-0628/.work/build/musl/lib/libc.a(default_attr.o):(.data.__default_guardsize)
        80008004         80008004        4     1                 __default_guardsize
        80008008         80008008        0     1 . = ALIGN(8)
        80008008         80008008      5cc     8 .bss
        80008008         80008008        8     8         /home/holight/DADAO-0628/.work/ML-014y-mallocng-single-large-free-probe/malloc_single_large_free.o:(.bss)
        80008008         80008008        8     1                 phase_marker
        80008010         80008010        8     8         /home/holight/DADAO-0628/.work/build/musl/lib/libc.a(__environ.o):(.bss.__environ)
        80008010         80008010        8     1                 __environ
        80008010         80008010        8     1                 ___environ
        80008010         80008010        8     1                 _environ
        80008010         80008010        8     1                 environ
        80008018         80008018        4     4         /home/holight/DADAO-0628/.work/build/musl/lib/libc.a(__init_tls.o):(.bss.__thread_list_lock)
        80008018         80008018        4     1                 __thread_list_lock
        80008020         80008020       30     8         /home/holight/DADAO-0628/.work/build/musl/lib/libc.a(__init_tls.o):(.bss.main_tls)
        80008020         80008020       30     1                 main_tls
        80008050         80008050      150     8         /home/holight/DADAO-0628/.work/build/musl/lib/libc.a(__init_tls.o):(.bss.builtin_tls)
        80008050         80008050      150     1                 builtin_tls
        800081a0         800081a0        8     8         /home/holight/DADAO-0628/.work/build/musl/lib/libc.a(libc.o):(.bss.__progname)
        800081a0         800081a0        8     1                 __progname
        800081a0         800081a0        8     1                 program_invocation_short_name
        800081a8         800081a8        8     8         /home/holight/DADAO-0628/.work/build/musl/lib/libc.a(libc.o):(.bss.__progname_full)
        800081a8         800081a8        8     1                 __progname_full
        800081a8         800081a8        8     1                 program_invocation_name
        800081b0         800081b0       68     8         /home/holight/DADAO-0628/.work/build/musl/lib/libc.a(libc.o):(.bss.__libc)
        800081b0         800081b0       68     1                 __libc
        80008218         80008218        8     8         /home/holight/DADAO-0628/.work/build/musl/lib/libc.a(libc.o):(.bss.__hwcap)
        80008218         80008218        8     1                 __hwcap
        80008220         80008220        8     8         /home/holight/DADAO-0628/.work/build/musl/lib/libc.a(defsysinfo.o):(.bss.__sysinfo)
        80008220         80008220        8     1                 __sysinfo
        80008228         80008228        4     4         /home/holight/DADAO-0628/.work/build/musl/lib/libc.a(lite_malloc.o):(.bss.lock)
        80008228         80008228        4     1                 lock
        80008230         80008230      3a0     8         /home/holight/DADAO-0628/.work/build/musl/lib/libc.a(malloc.o):(.bss.__malloc_context)
        80008230         80008230      3a0     1                 __malloc_context
        800085d0         800085d0        4     4         /home/holight/DADAO-0628/.work/build/musl/lib/libc.a(malloc.o):(.bss.__malloc_lock)
        800085d0         800085d0        4     1                 __malloc_lock
        800085d4         800085d4      a2c     1 . = ALIGN(4096)
        80009000         80009000  7df7000     1 .heap
        80009000         80009000        0     1         __heap_start = .
        80009000         80009000  7df7000     1         . = 0x87E00000
        87e00000         87e00000        0     1         __heap_end = .
               0                0      13a     1 .comment
               0                0      13a     1         <internal>:(.comment)
               0                0      ee8     8 .symtab
               0                0      ee8     8         <internal>:(.symtab)
               0                0       43     1 .shstrtab
               0                0       43     1         <internal>:(.shstrtab)
               0                0      747     1 .strtab
               0                0      747     1         <internal>:(.strtab)
